00lib/p3colours.txt
00lib/config.xml
00lib/p3colours.txt
00web/00config/appearance.xml
00web/00config/parameters.xml
00web/00config/referents.xml
00web/00config/structure.xml
00web/404.xml
00web/about/contributing.xml
00web/about/howandwhy.xml
00web/about/oracc.xml
00web/about.xml
00web/accessibility.xml
00web/accesskeys.xml
00web/builder/builder.xml
00web/builder/converting/index.xml
00web/builder/converting/otf.xml
00web/builder/editing/advanced.xml
00web/builder/editing/atftut.xml
00web/builder/editing/bilinguals.xml
00web/builder/editing/cdli.xml
00web/builder/editing/commentary.xml
00web/builder/editing/composites.xml
00web/builder/editing/dates.xml
00web/builder/editing/gdltut.xml
00web/builder/editing/labels.xml
00web/builder/editing/layouts.xml
00web/builder/editing/lexical.xml
00web/builder/editing/linkage.xml
00web/builder/editing/math.xml
00web/builder/editing/metrol-tables.xml
00web/builder/editing/metrology.xml
00web/builder/editing/numbers.xml
00web/builder/editing/primer.xml
00web/builder/editing/protocols.xml
00web/builder/editing/quickref.xml
00web/builder/editing/scores.xml
00web/builder/editing/translation.xml
00web/builder/emacs/aquamacs.xml
00web/builder/emacs/emacs.xml
00web/builder/emacs/emacsw32.xml
00web/builder/emacs/index.xml
00web/builder/emacs/setup.xml
00web/builder/l2/BFFs.xml
00web/builder/l2/COFs.xml
00web/builder/l2/errors.xml
00web/builder/l2/howitworks.xml
00web/builder/l2/howtouseit.xml
00web/builder/l2/index.xml
00web/builder/l2/lemsyntax.xml
00web/builder/l2/linganno.xml
00web/builder/l2/psa.xml
00web/builder/l2/PSUs.xml
00web/builder/linganno/akk-anno.xml
00web/builder/linganno/akk-ob.xml
00web/builder/linganno/akk-roots.xml
00web/builder/linganno/akkstyle.xml
00web/builder/linganno/arc-anno.xml
00web/builder/linganno/elx-anno.xml
00web/builder/linganno/entityrecognisers.xml
00web/builder/linganno/grc-anno.xml
00web/builder/linganno/languages.xml
00web/builder/linganno/peo-anno.xml
00web/builder/linganno/qpn-anno.xml
00web/builder/linganno/sux-anno.xml
00web/builder/linganno/sux-primer.xml
00web/builder/linganno/sux-syntax.xml
00web/builder/linganno/uga-anno.xml
00web/copyright.xml
00web/featured.xml
00web/help.xml
00web/home.xml
00web/install/basics.xml
00web/install/index.xml
00web/install/neworacc.xml
00web/install/prereqs.xml
00web/licensing.xml
00web/manager/filesystem.xml
00web/manager/index.xml
00web/manager/projcats.xml
00web/manager/projconfig.xml
00web/manager/projects.xml
00web/manager/projemacs.xml
00web/manager/projlife.xml
00web/manager/projunix.xml
00web/manager/the-oracc-command.xml
00web/manager/webcolours.xml
00web/manager/xthe-oracc-command.xml
00web/portals/esp.xml
00web/portals/espbuild.xml
00web/portals/espcontent.xml
00web/portals/espdownloads.xml
00web/portals/espelements.xml
00web/portals/espglossaries.xml
00web/portals/espimages.xml
00web/portals/espinstall.xml
00web/portals/esplinks.xml
00web/portals/espoverview.xml
00web/portals/esppages.xml
00web/portals/esprefs.xml
00web/portals/espsetup.xml
00web/portals/espstyle.xml
00web/portals/portals.xml
00web/portals/projurls.xml
00web/privacy.xml
00web/projlist.xml
00web/search.xml
00web/sitemap.xml
00web/standards/index.xml
00web/standards/opendocument.xml
00web/standards/schemas.xml
00web/standards/tei.xml
00web/standards.xml
00web/tools/cuneify.xml
00web/tools.xml
00web/user/advanced.xml
00web/user/citing.xml
00web/user/fonts/cuneitab_0.xml
00web/user/fonts/cuneitab_1.xml
00web/user/fonts/cuneitab_2.xml
00web/user/fonts/cuneitab_3.xml
00web/user/fonts/cuneitab_4.html
00web/user/fonts/cuneitab_4.xml
00web/user/fonts.xml
00web/user/fulltextsearch.xml
00web/user/glossaries.xml
00web/user/index.xml
00web/user/keyboards.xml
00web/user/searching.xml
00web/user/unicode.xml
00web/user/userguide.xml
00web/visitor/advanced.xml
00web/visitor/citing.xml
00web/visitor/fonts/cuneitab_0.xml
00web/visitor/fonts/cuneitab_1.xml
00web/visitor/fonts/cuneitab_2.xml
00web/visitor/fonts/cuneitab_3.xml
00web/visitor/fonts/cuneitab_4.xml
00web/visitor/fonts.xml
00web/visitor/fulltextsearch.xml
00web/visitor/glossaries.xml
00web/visitor/index.xml
00web/visitor/keyboards.xml
00web/visitor/reusing.xml
00web/visitor/searching.xml
00web/visitor/unicode.xml
00web/visitor/visitorguide.xml
